
[1m[46m RUN [49m[22m [36mv4.1.0 [39m[90mE:/Projects/SE_Prjct/Software engineering/GitHub repo/Agency System - SP_THENNAKOON[39m

 [32mΓ£ô[39m src/tests/calculations.test.js[2m > [22mcalculations.js Utilities[2m > [22mcalculateTotalAssets[2m > [22mshould correctly calculate total assets with valid data[32m 3[2mms[22m[39m
 [32mΓ£ô[39m src/tests/calculations.test.js[2m > [22mcalculations.js Utilities[2m > [22mcalculateTotalAssets[2m > [22mshould return 0 when items array is empty[32m 1[2mms[22m[39m
 [31m├ù[39m src/tests/calculations.test.js[2m > [22mcalculations.js Utilities[2m > [22mcalculateTotalAssets[2m > [22mshould handle undefined or null items safely[32m 7[2mms[22m[39m
[31m   ΓåÆ Cannot read properties of null (reading 'reduce')[39m
 [32mΓ£ô[39m src/tests/calculations.test.js[2m > [22mcalculations.js Utilities[2m > [22mcalculateTotalAssets[2m > [22mshould treat missing properties as 0[32m 1[2mms[22m[39m
 [32mΓ£ô[39m src/tests/calculations.test.js[2m > [22mcalculations.js Utilities[2m > [22mformatCurrency[2m > [22mshould correctly format a positive number[32m 30[2mms[22m[39m
 [32mΓ£ô[39m src/tests/calculations.test.js[2m > [22mcalculations.js Utilities[2m > [22mformatCurrency[2m > [22mshould return 0.00 formatted string for 0[32m 1[2mms[22m[39m
 [32mΓ£ô[39m src/tests/calculations.test.js[2m > [22mcalculations.js Utilities[2m > [22mformatCurrency[2m > [22mshould handle null or undefined safely[32m 1[2mms[22m[39m
 [32mΓ£ô[39m src/tests/calculations.test.js[2m > [22mcalculations.js Utilities[2m > [22mformatDateTime[2m > [22mshould correctly format a valid ISO date string[32m 8[2mms[22m[39m
 [32mΓ£ô[39m src/tests/calculations.test.js[2m > [22mcalculations.js Utilities[2m > [22mformatDateTime[2m > [22mshould handle invalid date string[32m 1[2mms[22m[39m
 [32mΓ£ô[39m src/tests/calculations.test.js[2m > [22mcalculations.js Utilities[2m > [22mformatDateTime[2m > [22mshould return N/A for null or undefined[32m 1[2mms[22m[39m
 [32mΓ£ô[39m src/tests/calculations.test.js[2m > [22mcalculations.js Utilities[2m > [22mgetCurrentTimestamp[2m > [22mshould return a valid ISO string representing current time[32m 1[2mms[22m[39m
 [31m├ù[39m src/tests/ReportGenerator.test.js[2m > [22mReportGenerator[2m > [22mgenerateMonthlyReport[2m > [22mshould generate a report and call API to save it[32m 30[2mms[22m[39m
[31m   ΓåÆ () => mockDoc is not a constructor[39m
 [31m├ù[39m src/tests/ReportGenerator.test.js[2m > [22mReportGenerator[2m > [22mgenerateMonthlyReport[2m > [22mshould handle API failure gracefully[32m 2[2mms[22m[39m
[31m   ΓåÆ () => mockDoc is not a constructor[39m
 [31m├ù[39m src/tests/ReportGenerator.test.js[2m > [22mReportGenerator[2m > [22mgenerateMonthlyReport[2m > [22mshould handle thrown errors gracefully[32m 1[2mms[22m[39m
[31m   ΓåÆ () => mockDoc is not a constructor[39m
 [32mΓ£ô[39m src/tests/CyberBackground.test.jsx[2m > [22mCyberBackground Component[2m > [22mshould render the canvas element without crashing[32m 65[2mms[22m[39m
 [32mΓ£ô[39m src/tests/ConfirmationDialog.test.jsx[2m > [22mConfirmationDialog Component[2m > [22mshould render the dialog with correct title and message[32m 167[2mms[22m[39m
 [32mΓ£ô[39m src/tests/ConfirmationDialog.test.jsx[2m > [22mConfirmationDialog Component[2m > [22mshould call onConfirm when confirm button is clicked[32m 24[2mms[22m[39m
 [32mΓ£ô[39m src/tests/ConfirmationDialog.test.jsx[2m > [22mConfirmationDialog Component[2m > [22mshould call onCancel when cancel button is clicked[32m 17[2mms[22m[39m
 [32mΓ£ô[39m src/tests/ConfirmationDialog.test.jsx[2m > [22mConfirmationDialog Component[2m > [22mshould use custom confirm and cancel text when provided[32m 20[2mms[22m[39m
 [32mΓ£ô[39m src/tests/RouteCard.test.jsx[2m > [22mRouteCard Component[2m > [22mshould render the route name[32m 136[2mms[22m[39m
 [32mΓ£ô[39m src/tests/RouteCard.test.jsx[2m > [22mRouteCard Component[2m > [22mshould call onDeleteRoute when delete button is clicked[32m 27[2mms[22m[39m
 [32mΓ£ô[39m src/tests/RouteCard.test.jsx[2m > [22mRouteCard Component[2m > [22mshould open edit input when edit button is clicked[32m 30[2mms[22m[39m
 [32mΓ£ô[39m src/tests/RouteCard.test.jsx[2m > [22mRouteCard Component[2m > [22mshould call onRenameRoute when a new name is submitted[32m 33[2mms[22m[39m
 [31m├ù[39m src/tests/RouteCard.test.jsx[2m > [22mRouteCard Component[2m > [22mshould reveal invoices with remaining balances when expanded[32m 27[2mms[22m[39m
[31m   ΓåÆ Unable to fire a "click" event - please provide a DOM element.[39m

[2m Test Files [22m [1m[31m3 failed[39m[22m[2m | [22m[1m[32m2 passed[39m[22m[90m (5)[39m
[2m      Tests [22m [1m[31m5 failed[39m[22m[2m | [22m[1m[32m19 passed[39m[22m[90m (24)[39m
[2m   Start at [22m 08:27:49
[2m   Duration [22m 2.71s[2m (transform 467ms, setup 854ms, import 1.30s, tests 648ms, environment 7.99s)[22m

